PH utils NULL C:/ee4218-aes/aes2/pcores/aes_v1_00_a/hdl/vhdl/utils.vhd sub00/vhpl00 1397376962
AR add_round_key_box arch C:/ee4218-aes/aes2/pcores/aes_v1_00_a/hdl/vhdl/add_round_key_box.vhd sub00/vhpl07 1397376967
AR inv_mix_cols_box arch C:/ee4218-aes/aes2/pcores/aes_v1_00_a/hdl/vhdl/inv_mix_cols_box.vhd sub00/vhpl05 1397376969
AR inv_subs_box arch C:/ee4218-aes/aes2/pcores/aes_v1_00_a/hdl/vhdl/inv_subs_box.vhd sub00/vhpl03 1397376965
EN inv_mix_cols_box NULL C:/ee4218-aes/aes2/pcores/aes_v1_00_a/hdl/vhdl/inv_mix_cols_box.vhd sub00/vhpl04 1397376968
EN aes_loop_iter NULL C:/ee4218-aes/aes2/pcores/aes_v1_00_a/hdl/vhdl/aes_loop_iter.vhd sub00/vhpl12 1397376972
EN inv_subs_box NULL C:/ee4218-aes/aes2/pcores/aes_v1_00_a/hdl/vhdl/inv_subs_box.vhd sub00/vhpl02 1397376964
AR aes example C:/ee4218-aes/aes2/pcores/aes_v1_00_a/hdl/vhdl/aes.vhd sub00/vhpl09 1397376975
AR aes_loop_iter behavioral C:/ee4218-aes/aes2/pcores/aes_v1_00_a/hdl/vhdl/aes_loop_iter.vhd sub00/vhpl13 1397376973
EN aes NULL C:/ee4218-aes/aes2/pcores/aes_v1_00_a/hdl/vhdl/aes.vhd sub00/vhpl08 1397376974
PB utils utils C:/ee4218-aes/aes2/pcores/aes_v1_00_a/hdl/vhdl/utils.vhd sub00/vhpl01 1397376963
EN inv_shift_rows_box NULL C:/ee4218-aes/aes2/pcores/aes_v1_00_a/hdl/vhdl/inv_shift_rows_box.vhd sub00/vhpl10 1397376970
AR inv_shift_rows_box arch C:/ee4218-aes/aes2/pcores/aes_v1_00_a/hdl/vhdl/inv_shift_rows_box.vhd sub00/vhpl11 1397376971
EN add_round_key_box NULL C:/ee4218-aes/aes2/pcores/aes_v1_00_a/hdl/vhdl/add_round_key_box.vhd sub00/vhpl06 1397376966
