PH utils NULL C:/ee4218-aes/aes2/pcores/aes_v1_00_a/hdl/vhdl/utils.vhd sub00/vhpl00 1397211869
AR aes example C:/ee4218-aes/aes2/pcores/aes_v1_00_a/hdl/vhdl/aes.vhd sub00/vhpl03 1397211872
EN aes NULL C:/ee4218-aes/aes2/pcores/aes_v1_00_a/hdl/vhdl/aes.vhd sub00/vhpl02 1397211871
PB utils utils C:/ee4218-aes/aes2/pcores/aes_v1_00_a/hdl/vhdl/utils.vhd sub00/vhpl01 1397211870
