V3 5
EN aes_v1_00_a/aes 1397071639 \
      FL C:/ee4218-aes/aes2/pcores/aes_v1_00_a/devl/projnav/../../hdl/vhdl/aes.vhd \
      PB ieee/std_logic_1164 1308643377 PB ieee/NUMERIC_STD 1308643378 \
      PH aes_v1_00_a/utils 0
AR aes_v1_00_a/aes/EXAMPLE 1397071640 \
      FL C:/ee4218-aes/aes2/pcores/aes_v1_00_a/devl/projnav/../../hdl/vhdl/aes.vhd \
      EN aes_v1_00_a/aes 1397071639
FL C:/ee4218-aes/aes2/pcores/aes_v1_00_a/hdl/vhdl/aes.vhd 2014/04/10.01:52:46 O.61xd
