V3 9
FL C:/ee4218-aes/aes2/pcores/aes_v1_00_a/hdl/vhdl/aes.vhd 2014/04/12.19:26:47 O.61xd
EN aes_v1_00_a/aes_loop_iter 0 \
      FL C:/ee4218-aes/aes2/pcores/aes_v1_00_a/hdl/vhdl/aes.vhd
EN aes_v1_00_a/aes 1397306278 \
      FL C:/ee4218-aes/aes2/pcores/aes_v1_00_a/hdl/vhdl/aes.vhd \
      PB ieee/std_logic_1164 1308643377 PB ieee/NUMERIC_STD 1308643378 \
      LB aes_v1_00_a PB aes_v1_00_a/utils 1397306277
AR aes_v1_00_a/aes/EXAMPLE 1397306279 \
      FL C:/ee4218-aes/aes2/pcores/aes_v1_00_a/hdl/vhdl/aes.vhd \
      EN aes_v1_00_a/aes 1397306278 CP aes_loop_iter
FL C:/ee4218-aes/aes2/pcores/aes_v1_00_a/hdl/vhdl/utils.vhd 2014/04/12.18:37:16 O.61xd
PH aes_v1_00_a/utils 1397306276 \
      FL C:/ee4218-aes/aes2/pcores/aes_v1_00_a/hdl/vhdl/utils.vhd \
      PB ieee/std_logic_1164 1308643377 PB ieee/NUMERIC_STD 1308643378
PB aes_v1_00_a/utils 1397306277 \
      FL C:/ee4218-aes/aes2/pcores/aes_v1_00_a/hdl/vhdl/utils.vhd \
      PH aes_v1_00_a/utils 1397306276
