EN aes_loop_iter NULL C:/ee4218-aes/aes2/pcores/aes_v1_00_a/hdl/vhdl/aes_loop_iter.vhd sub00/vhpl02 1397337176
AR aes_loop_iter behavioral C:/ee4218-aes/aes2/pcores/aes_v1_00_a/hdl/vhdl/aes_loop_iter.vhd sub00/vhpl03 1397337177
EN inv_shift_rows_box NULL C:/ee4218-aes/aes2/pcores/aes_v1_00_a/hdl/vhdl/inv_shift_rows_box.vhd sub00/vhpl00 1397337174
AR inv_shift_rows_box arch C:/ee4218-aes/aes2/pcores/aes_v1_00_a/hdl/vhdl/inv_shift_rows_box.vhd sub00/vhpl01 1397337175
