PH utils NULL C:/ee4218-aes/aes2/pcores/aes_v1_00_a/devl/projnav/utils.vhd sub00/vhpl02 1397332478
EN add_round_key_s1_box NULL C:/ee4218-aes/aes2/pcores/aes_v1_00_a/hdl/vhdl/add_round_key_s1_box.vhd sub00/vhpl10 1397334360
AR inv_subs_box_s0 arch C:/ee4218-aes/aes2/pcores/aes_v1_00_a/hdl/vhdl/inv_subs_box_s0.vhd sub00/vhpl07 1397334355
AR inv_subs_box_s1 arch C:/ee4218-aes/aes2/pcores/aes_v1_00_a/hdl/vhdl/inv_subs_box_s1.vhd sub00/vhpl09 1397334357
AR add_round_key_s1_box add_round_key_s1_b C:/ee4218-aes/aes2/pcores/aes_v1_00_a/hdl/vhdl/add_round_key_s1_box.vhd sub00/vhpl11 1397334361
AR add_round_key_s0_box add_round_key_s0_b C:/ee4218-aes/aes2/pcores/aes_v1_00_a/hdl/vhdl/add_round_key_s0_box.vhd sub00/vhpl05 1397334359
EN aes_loop_iter NULL C:/ee4218-aes/aes2/pcores/aes_v1_00_a/hdl/vhdl/aes_loop_iter.vhd sub00/vhpl00 1397334362
AR aes_loop_iter behavioral C:/ee4218-aes/aes2/pcores/aes_v1_00_a/hdl/vhdl/aes_loop_iter.vhd sub00/vhpl01 1397334363
PB utils utils C:/ee4218-aes/aes2/pcores/aes_v1_00_a/devl/projnav/utils.vhd sub00/vhpl03 1397332479
EN add_round_key_s0_box NULL C:/ee4218-aes/aes2/pcores/aes_v1_00_a/hdl/vhdl/add_round_key_s0_box.vhd sub00/vhpl04 1397334358
EN inv_subs_box_s0 NULL C:/ee4218-aes/aes2/pcores/aes_v1_00_a/hdl/vhdl/inv_subs_box_s0.vhd sub00/vhpl06 1397334354
EN inv_subs_box_s1 NULL C:/ee4218-aes/aes2/pcores/aes_v1_00_a/hdl/vhdl/inv_subs_box_s1.vhd sub00/vhpl08 1397334356
