PH utils NULL C:/ee4218-aes/aes2/pcores/aes_v1_00_a/devl/projnav/utils.vhd sub00/vhpl02 1397306282
EN aes_loop_iter NULL C:/ee4218-aes/aes2/pcores/aes_v1_00_a/devl/projnav/aes_loop_iter.vhd sub00/vhpl00 1397306280
AR aes_loop_iter behavioral C:/ee4218-aes/aes2/pcores/aes_v1_00_a/devl/projnav/aes_loop_iter.vhd sub00/vhpl01 1397306281
PB utils utils C:/ee4218-aes/aes2/pcores/aes_v1_00_a/devl/projnav/utils.vhd sub00/vhpl03 1397306283
