V3 12
FL C:/ee4218-aes/aes2/pcores/aes_v1_00_a/hdl/vhdl/aes_loop_iter.vhd 2014/04/13.05:12:13 O.61xd
EN work/aes_loop_iter 1397337176 \
      FL C:/ee4218-aes/aes2/pcores/aes_v1_00_a/hdl/vhdl/aes_loop_iter.vhd \
      PB ieee/std_logic_1164 1308643377 LB aes_v1_00_a PB aes_v1_00_a/utils 1397337165
AR work/aes_loop_iter/Behavioral 1397337177 \
      FL C:/ee4218-aes/aes2/pcores/aes_v1_00_a/hdl/vhdl/aes_loop_iter.vhd \
      EN work/aes_loop_iter 1397337176 CP inv_subs_box CP add_round_key_box \
      CP inv_mix_cols_box CP inv_shift_rows_box
FL C:/ee4218-aes/aes2/pcores/aes_v1_00_a/hdl/vhdl/inv_shift_rows_box.vhd 2014/04/13.04:58:42 O.61xd
EN work/inv_shift_rows_box 1397337174 \
      FL C:/ee4218-aes/aes2/pcores/aes_v1_00_a/hdl/vhdl/inv_shift_rows_box.vhd \
      PB ieee/std_logic_1164 1308643377 LB aes_v1_00_a PB aes_v1_00_a/utils 1397337165
AR work/inv_shift_rows_box/arch 1397337175 \
      FL C:/ee4218-aes/aes2/pcores/aes_v1_00_a/hdl/vhdl/inv_shift_rows_box.vhd \
      EN work/inv_shift_rows_box 1397337174
FL C:/ee4218-aes/aes2/pcores/aes_v1_00_a/hdl/vhdl/utils.vhd 2014/04/13.05:06:09 O.61xd
