V3 3
FL C:/ee4218-aes/aes2/pcores/aes_v1_00_a/devl/projnav/utils.vhd 2014/04/11.05:12:21 O.61xd
PH work/utils 0 FL C:/ee4218-aes/aes2/pcores/aes_v1_00_a/devl/projnav/utils.vhd \
      PB ieee/std_logic_1164 1308643377 PB ieee/NUMERIC_STD 1308643378
PB work/utils 0 \
      FL C:/ee4218-aes/aes2/pcores/aes_v1_00_a/devl/projnav/utils.vhd \
      PH work/utils 0
