V3 7
FL C:/ee4218-aes/aes2/pcores/aes_v1_00_a/devl/projnav/aes_loop_iter.vhd 2014/04/12.17:01:01 O.61xd
EN work/aes_loop_iter 1397293554 \
      FL C:/ee4218-aes/aes2/pcores/aes_v1_00_a/devl/projnav/aes_loop_iter.vhd \
      PB ieee/std_logic_1164 1308643377 LB aes_v1_00_a PB aes_v1_00_a/utils 1397293551
AR work/aes_loop_iter/Behavioral 1397293555 \
      FL C:/ee4218-aes/aes2/pcores/aes_v1_00_a/devl/projnav/aes_loop_iter.vhd \
      EN work/aes_loop_iter 1397293554
FL C:/ee4218-aes/aes2/pcores/aes_v1_00_a/devl/projnav/utils.vhd 2014/04/11.16:54:28 O.61xd
PH work/utils 1397293556 \
      FL C:/ee4218-aes/aes2/pcores/aes_v1_00_a/devl/projnav/utils.vhd \
      PB ieee/std_logic_1164 1308643377 PB ieee/NUMERIC_STD 1308643378
PB work/utils 1397293557 \
      FL C:/ee4218-aes/aes2/pcores/aes_v1_00_a/devl/projnav/utils.vhd \
      PH work/utils 1397293556
