C:\ee4218-aes\aes2\implementation\system.ngc 1396397086
C:/ee4218-aes/aes2/implementation/microblaze_0_wrapper.ngc 1396396689
C:/ee4218-aes/aes2/implementation/mb_plb_wrapper.ngc 1396396253
C:/ee4218-aes/aes2/implementation/ilmb_wrapper.ngc 1396396693
C:/ee4218-aes/aes2/implementation/dlmb_wrapper.ngc 1396396696
C:/ee4218-aes/aes2/implementation/dlmb_cntlr_wrapper.ngc 1396396269
C:/ee4218-aes/aes2/implementation/ilmb_cntlr_wrapper.ngc 1396396274
C:/ee4218-aes/aes2/implementation/lmb_bram_wrapper.ngc 1396396280
C:/ee4218-aes/aes2/implementation/rs232_dte_wrapper.ngc 1396396306
C:/ee4218-aes/aes2/implementation/rs232_dce_wrapper.ngc 1396396339
C:/ee4218-aes/aes2/implementation/leds_6bit_wrapper.ngc 1396396361
C:/ee4218-aes/aes2/implementation/leds_1bit_wrapper.ngc 1396396381
C:/ee4218-aes/aes2/implementation/dip_switches_4bit_wrapper.ngc 1396396401
C:/ee4218-aes/aes2/implementation/buttons_3bit_wrapper.ngc 1396396423
C:/ee4218-aes/aes2/implementation/ddr_sdram_wrapper.ngc 1396396699
C:/ee4218-aes/aes2/implementation/xps_timer_0_wrapper.ngc 1396396591
C:/ee4218-aes/aes2/implementation/clock_generator_0_wrapper.ngc 1396396702
C:/ee4218-aes/aes2/implementation/mdm_0_wrapper.ngc 1396396620
C:/ee4218-aes/aes2/implementation/proc_sys_reset_0_wrapper.ngc 1396396629
C:/ee4218-aes/aes2/implementation/xps_intc_0_wrapper.ngc 1396396706
C:/ee4218-aes/aes2/implementation/xps_tft_0_wrapper.ngc 1396396709
OK
