C:\ee4218-aes\aes2\implementation\system.ngc 1397341762
C:/ee4218-aes/aes2/implementation/microblaze_0_wrapper.ngc 1397340666
C:/ee4218-aes/aes2/implementation/mb_plb_wrapper.ngc 1397339085
C:/ee4218-aes/aes2/implementation/ilmb_wrapper.ngc 1397340676
C:/ee4218-aes/aes2/implementation/dlmb_wrapper.ngc 1397340690
C:/ee4218-aes/aes2/implementation/dlmb_cntlr_wrapper.ngc 1397339109
C:/ee4218-aes/aes2/implementation/ilmb_cntlr_wrapper.ngc 1397339115
C:/ee4218-aes/aes2/implementation/lmb_bram_wrapper.ngc 1397339120
C:/ee4218-aes/aes2/implementation/rs232_dte_wrapper.ngc 1397339157
C:/ee4218-aes/aes2/implementation/rs232_dce_wrapper.ngc 1397339184
C:/ee4218-aes/aes2/implementation/leds_6bit_wrapper.ngc 1397339202
C:/ee4218-aes/aes2/implementation/leds_1bit_wrapper.ngc 1397339217
C:/ee4218-aes/aes2/implementation/dip_switches_4bit_wrapper.ngc 1397339236
C:/ee4218-aes/aes2/implementation/buttons_3bit_wrapper.ngc 1397339253
C:/ee4218-aes/aes2/implementation/ddr_sdram_wrapper.ngc 1397340700
C:/ee4218-aes/aes2/implementation/xps_timer_0_wrapper.ngc 1397339461
C:/ee4218-aes/aes2/implementation/clock_generator_0_wrapper.ngc 1397340709
C:/ee4218-aes/aes2/implementation/mdm_0_wrapper.ngc 1397339491
C:/ee4218-aes/aes2/implementation/proc_sys_reset_0_wrapper.ngc 1397339499
C:/ee4218-aes/aes2/implementation/xps_intc_0_wrapper.ngc 1397340717
C:/ee4218-aes/aes2/implementation/xps_tft_0_wrapper.ngc 1397340726
C:/ee4218-aes/aes2/implementation/aes_0_to_microblaze_0_wrapper.ngc 1397340735
C:/ee4218-aes/aes2/implementation/aes_0_wrapper.ngc 1397340637
C:/ee4218-aes/aes2/implementation/microblaze_0_to_aes_0_wrapper.ngc 1397340743
OK
