Release 13.2 - xst O.61xd (nt64)
Copyright (c) 1995-2011 Xilinx, Inc.  All rights reserved.
--> Parameter TMPDIR set to xst/projnav.tmp


Total REAL time to Xst completion: 0.00 secs
Total CPU time to Xst completion: 0.17 secs
 
--> Parameter xsthdpdir set to xst


Total REAL time to Xst completion: 0.00 secs
Total CPU time to Xst completion: 0.17 secs
 
--> Reading design: aes.prj

TABLE OF CONTENTS
  1) Synthesis Options Summary
  2) HDL Compilation
  3) Design Hierarchy Analysis
  4) HDL Analysis
  5) HDL Synthesis
     5.1) HDL Synthesis Report
  6) Advanced HDL Synthesis
     6.1) Advanced HDL Synthesis Report
  7) Low Level Synthesis
  8) Partition Report
  9) Final Report
	9.1) Device utilization summary
	9.2) Partition Resource Summary
	9.3) TIMING REPORT


=========================================================================
*                      Synthesis Options Summary                        *
=========================================================================
---- Source Parameters
Input File Name                    : "aes.prj"
Input Format                       : mixed
Ignore Synthesis Constraint File   : NO

---- Target Parameters
Output File Name                   : "aes"
Output Format                      : NGC
Target Device                      : xc3s1600e-4-fg320

---- Source Options
Top Module Name                    : aes
Automatic FSM Extraction           : YES
FSM Encoding Algorithm             : Auto
Safe Implementation                : No
FSM Style                          : LUT
RAM Extraction                     : Yes
RAM Style                          : Auto
ROM Extraction                     : Yes
Mux Style                          : Auto
Decoder Extraction                 : YES
Priority Encoder Extraction        : Yes
Shift Register Extraction          : YES
Logical Shifter Extraction         : YES
XOR Collapsing                     : YES
ROM Style                          : Auto
Mux Extraction                     : Yes
Resource Sharing                   : YES
Asynchronous To Synchronous        : NO
Multiplier Style                   : Auto
Automatic Register Balancing       : No

---- Target Options
Add IO Buffers                     : YES
Global Maximum Fanout              : 500
Add Generic Clock Buffer(BUFG)     : 24
Register Duplication               : YES
Slice Packing                      : YES
Optimize Instantiated Primitives   : NO
Use Clock Enable                   : Yes
Use Synchronous Set                : Yes
Use Synchronous Reset              : Yes
Pack IO Registers into IOBs        : Auto
Equivalent register Removal        : YES

---- General Options
Optimization Goal                  : Speed
Optimization Effort                : 1
Keep Hierarchy                     : No
Netlist Hierarchy                  : As_Optimized
RTL Output                         : Yes
Global Optimization                : AllClockNets
Read Cores                         : YES
Write Timing Constraints           : NO
Cross Clock Analysis               : NO
Hierarchy Separator                : /
Bus Delimiter                      : <>
Case Specifier                     : Maintain
Slice Utilization Ratio            : 100
BRAM Utilization Ratio             : 100
Verilog 2001                       : YES
Auto BRAM Packing                  : NO
Slice Utilization Ratio Delta      : 5

=========================================================================


=========================================================================
*                          HDL Compilation                              *
=========================================================================
Compiling vhdl file "C:/ee4218-aes/aes2/pcores/aes_v1_00_a/hdl/vhdl/utils.vhd" in Library aes_v1_00_a.
Architecture utils of Entity utils is up to date.
Compiling vhdl file "C:/ee4218-aes/aes2/pcores/aes_v1_00_a/hdl/vhdl/aes.vhd" in Library aes_v1_00_a.
Entity <aes> compiled.
Entity <aes> (Architecture <example>) compiled.

=========================================================================
*                     Design Hierarchy Analysis                         *
=========================================================================
Analyzing hierarchy for entity <aes> in library <aes_v1_00_a> (architecture <example>).


=========================================================================
*                            HDL Analysis                               *
=========================================================================
Analyzing Entity <aes> in library <aes_v1_00_a> (Architecture <example>).
WARNING:Xst:37 - Detected unknown constraint/property "SIGIS". This constraint/property is not supported by the current software release and will be ignored.
WARNING:Xst:37 - Detected unknown constraint/property "SIGIS". This constraint/property is not supported by the current software release and will be ignored.
WARNING:Xst:37 - Detected unknown constraint/property "SIGIS". This constraint/property is not supported by the current software release and will be ignored.
Entity <aes> analyzed. Unit <aes> generated.


=========================================================================
*                           HDL Synthesis                               *
=========================================================================

Performing bidirectional port resolution...

Synthesizing Unit <aes>.
    Related source file is "C:/ee4218-aes/aes2/pcores/aes_v1_00_a/hdl/vhdl/aes.vhd".
WARNING:Xst:647 - Input <FSL_S_Data> is never used. This port will be preserved and left unconnected if it belongs to a top-level block or it belongs to a sub-block and the hierarchy of this sub-block is preserved.
WARNING:Xst:647 - Input <FSL_M_Clk> is never used. This port will be preserved and left unconnected if it belongs to a top-level block or it belongs to a sub-block and the hierarchy of this sub-block is preserved.
WARNING:Xst:647 - Input <FSL_S_Clk> is never used. This port will be preserved and left unconnected if it belongs to a top-level block or it belongs to a sub-block and the hierarchy of this sub-block is preserved.
WARNING:Xst:647 - Input <FSL_S_Control> is never used. This port will be preserved and left unconnected if it belongs to a top-level block or it belongs to a sub-block and the hierarchy of this sub-block is preserved.
WARNING:Xst:647 - Input <FSL_Rst> is never used. This port will be preserved and left unconnected if it belongs to a top-level block or it belongs to a sub-block and the hierarchy of this sub-block is preserved.
WARNING:Xst:1306 - Output <FSL_M_Control> is never assigned.
WARNING:Xst:1780 - Signal <verify_decrypt<3>> is never used or assigned. This unconnected signal will be trimmed during the optimization process.
WARNING:Xst:1780 - Signal <verify_decrypt<2>> is never used or assigned. This unconnected signal will be trimmed during the optimization process.
WARNING:Xst:1780 - Signal <verify_decrypt<1>> is never used or assigned. This unconnected signal will be trimmed during the optimization process.
WARNING:Xst:1780 - Signal <verify_decrypt<0>> is never used or assigned. This unconnected signal will be trimmed during the optimization process.
WARNING:Xst:1780 - Signal <test_decrypt_result<3>> is never used or assigned. This unconnected signal will be trimmed during the optimization process.
WARNING:Xst:1780 - Signal <test_decrypt_result<2>> is never used or assigned. This unconnected signal will be trimmed during the optimization process.
WARNING:Xst:1780 - Signal <test_decrypt_result<1>> is never used or assigned. This unconnected signal will be trimmed during the optimization process.
WARNING:Xst:1780 - Signal <test_decrypt_result<0>> is never used or assigned. This unconnected signal will be trimmed during the optimization process.
WARNING:Xst:1781 - Signal <test_decrypt_input<3>> is used but never assigned. Tied to default value.
WARNING:Xst:1781 - Signal <test_decrypt_input<2>> is used but never assigned. Tied to default value.
WARNING:Xst:1781 - Signal <test_decrypt_input<1>> is used but never assigned. Tied to default value.
WARNING:Xst:1781 - Signal <test_decrypt_input<0>> is used but never assigned. Tied to default value.
WARNING:Xst:1780 - Signal <sum> is never used or assigned. This unconnected signal will be trimmed during the optimization process.
WARNING:Xst:1780 - Signal <nr_of_writes> is never used or assigned. This unconnected signal will be trimmed during the optimization process.
WARNING:Xst:1780 - Signal <nr_of_reads> is never used or assigned. This unconnected signal will be trimmed during the optimization process.
WARNING:Xst:653 - Signal <fsl_state> is used but never assigned. This sourceless signal will be automatically connected to value 00.
WARNING:Xst:1781 - Signal <cypher_key<3>> is used but never assigned. Tied to default value.
WARNING:Xst:1781 - Signal <cypher_key<2>> is used but never assigned. Tied to default value.
WARNING:Xst:1781 - Signal <cypher_key<1>> is used but never assigned. Tied to default value.
WARNING:Xst:1781 - Signal <cypher_key<0>> is used but never assigned. Tied to default value.
    Using one-hot encoding for signal <fsl_state>.
    Found 16x128-bit ROM for signal <slice0026$rom0000>.
    Found 16x128-bit ROM for signal <slice0028$rom0000>.
    Found 16x128-bit ROM for signal <slice0030$rom0000>.
    Found 16x128-bit ROM for signal <slice0056$rom0000>.
    Found 16x128-bit ROM for signal <slice0058$rom0000>.
    Found 16x128-bit ROM for signal <slice0060$rom0000>.
    Found 16x128-bit ROM for signal <slice0062$rom0000>.
    Found 16x128-bit ROM for signal <slice0000$rom0000>.
    Found 16x128-bit ROM for signal <slice0002$rom0000>.
    Found 16x128-bit ROM for signal <slice0004$rom0000>.
    Found 16x128-bit ROM for signal <slice0006$rom0000>.
    Found 16x128-bit ROM for signal <slice0080$rom0000>.
    Found 16x128-bit ROM for signal <slice0082$rom0000>.
    Found 16x128-bit ROM for signal <slice0084$rom0000>.
    Found 16x128-bit ROM for signal <slice0086$rom0000>.
    Found 16x128-bit ROM for signal <slice0088$rom0000>.
    Found 16x128-bit ROM for signal <slice0090$rom0000>.
    Found 16x128-bit ROM for signal <slice0092$rom0000>.
    Found 16x128-bit ROM for signal <slice0094$rom0000>.
    Found 16x128-bit ROM for signal <slice0096$rom0000>.
    Found 16x128-bit ROM for signal <slice0098$rom0000>.
    Found 16x128-bit ROM for signal <slice0100$rom0000>.
    Found 16x128-bit ROM for signal <slice0102$rom0000>.
    Found 16x128-bit ROM for signal <slice0104$rom0000>.
    Found 16x128-bit ROM for signal <slice0106$rom0000>.
    Found 16x128-bit ROM for signal <slice0108$rom0000>.
    Found 16x128-bit ROM for signal <slice0110$rom0000>.
    Found 16x128-bit ROM for signal <slice0032$rom0000>.
    Found 16x128-bit ROM for signal <slice0034$rom0000>.
    Found 16x128-bit ROM for signal <slice0036$rom0000>.
    Found 16x128-bit ROM for signal <slice0038$rom0000>.
    Found 16x128-bit ROM for signal <slice0064$rom0000>.
    Found 16x128-bit ROM for signal <slice0066$rom0000>.
    Found 16x128-bit ROM for signal <slice0068$rom0000>.
    Found 16x128-bit ROM for signal <slice0070$rom0000>.
    Found 16x128-bit ROM for signal <slice0112$rom0000>.
    Found 16x128-bit ROM for signal <slice0008$rom0000>.
    Found 16x128-bit ROM for signal <slice0114$rom0000>.
    Found 16x128-bit ROM for signal <slice0010$rom0000>.
    Found 16x128-bit ROM for signal <slice0116$rom0000>.
    Found 16x128-bit ROM for signal <slice0012$rom0000>.
    Found 16x128-bit ROM for signal <slice0118$rom0000>.
    Found 16x128-bit ROM for signal <slice0014$rom0000>.
    Found 16x128-bit ROM for signal <slice0040$rom0000>.
    Found 16x128-bit ROM for signal <slice0042$rom0000>.
    Found 16x128-bit ROM for signal <slice0044$rom0000>.
    Found 16x128-bit ROM for signal <slice0046$rom0000>.
    Found 16x128-bit ROM for signal <slice0120$rom0000>.
    Found 16x128-bit ROM for signal <slice0122$rom0000>.
    Found 16x128-bit ROM for signal <slice0124$rom0000>.
    Found 16x128-bit ROM for signal <slice0126$rom0000>.
    Found 16x128-bit ROM for signal <slice0072$rom0000>.
    Found 16x128-bit ROM for signal <slice0074$rom0000>.
    Found 16x128-bit ROM for signal <slice0076$rom0000>.
    Found 16x128-bit ROM for signal <slice0078$rom0000>.
    Found 16x128-bit ROM for signal <slice0128$rom0000>.
    Found 16x128-bit ROM for signal <slice0016$rom0000>.
    Found 16x128-bit ROM for signal <slice0130$rom0000>.
    Found 16x128-bit ROM for signal <slice0018$rom0000>.
    Found 16x128-bit ROM for signal <slice0132$rom0000>.
    Found 16x128-bit ROM for signal <slice0020$rom0000>.
    Found 16x128-bit ROM for signal <slice0134$rom0000>.
    Found 16x128-bit ROM for signal <slice0022$rom0000>.
    Found 16x128-bit ROM for signal <slice0048$rom0000>.
    Found 16x128-bit ROM for signal <slice0050$rom0000>.
    Found 16x128-bit ROM for signal <slice0052$rom0000>.
    Found 16x128-bit ROM for signal <slice0054$rom0000>.
    Found 16x128-bit ROM for signal <slice0136$rom0000>.
    Found 16x128-bit ROM for signal <slice0138$rom0000>.
    Found 16x128-bit ROM for signal <slice0140$rom0000>.
    Found 16x128-bit ROM for signal <slice0142$rom0000>.
    Found 16x128-bit ROM for signal <slice0024$rom0000>.
    Found 32-bit register for signal <FSL_M_Data>.
    Found 32-bit 16-to-1 multiplexer for signal <$n0001<31:28>>.
    Found 32-bit 16-to-1 multiplexer for signal <$n0008<31:28>>.
    Found 32-bit xor2 for signal <$n0010<31:28>>.
    Found 32-bit xor2 for signal <$n0011<31:28>>.
    Found 32-bit xor2 for signal <$n0012<31:28>>.
    Found 32-bit xor2 for signal <$n0013<31:28>>.
    Found 32-bit 16-to-1 multiplexer for signal <$n0015<31:28>>.
    Found 32-bit xor2 for signal <$n0017<31:28>>.
    Found 32-bit xor2 for signal <$n0018<31:28>>.
    Found 32-bit xor2 for signal <$n0019<31:28>>.
    Found 32-bit xor2 for signal <$n0020<31:28>>.
    Found 32-bit 16-to-1 multiplexer for signal <$n0022<31:28>>.
    Found 32-bit xor2 for signal <$n0024<31:28>>.
    Found 32-bit xor2 for signal <$n0025<31:28>>.
    Found 32-bit xor2 for signal <$n0026<31:28>>.
    Found 32-bit xor2 for signal <$n0027<31:28>>.
    Found 32-bit 16-to-1 multiplexer for signal <$n0029<31:28>>.
    Found 32-bit xor2 for signal <$n0031<31:28>>.
    Found 32-bit xor2 for signal <$n0032<31:28>>.
    Found 32-bit xor2 for signal <$n0033<31:28>>.
    Found 32-bit xor2 for signal <$n0034<31:28>>.
    Found 32-bit 16-to-1 multiplexer for signal <$n0036<31:28>>.
    Found 32-bit xor2 for signal <$n0038<31:28>>.
    Found 32-bit xor2 for signal <$n0039<31:28>>.
    Found 32-bit xor2 for signal <$n0040<31:28>>.
    Found 32-bit xor2 for signal <$n0041<31:28>>.
    Found 32-bit 16-to-1 multiplexer for signal <$n0043<31:28>>.
    Found 32-bit xor2 for signal <$n0045<31:28>>.
    Found 32-bit xor2 for signal <$n0046<31:28>>.
    Found 32-bit xor2 for signal <$n0047<31:28>>.
    Found 32-bit xor2 for signal <$n0048<31:28>>.
    Found 32-bit 16-to-1 multiplexer for signal <$n0050<31:28>>.
    Found 32-bit xor2 for signal <$n0052<31:28>>.
    Found 32-bit xor2 for signal <$n0053<31:28>>.
    Found 32-bit xor2 for signal <$n0054<31:28>>.
    Found 32-bit xor2 for signal <$n0055<31:28>>.
    Found 32-bit 16-to-1 multiplexer for signal <$n0057<31:28>>.
    Found 32-bit xor2 for signal <$n0059<31:28>>.
    Found 32-bit xor2 for signal <$n0060<31:28>>.
    Found 32-bit xor2 for signal <$n0061<31:28>>.
    Found 32-bit xor2 for signal <$n0062<31:28>>.
    Found 32-bit 16-to-1 multiplexer for signal <$n0064<31:28>>.
    Found 32-bit xor2 for signal <$n0066<31:28>>.
    Found 32-bit xor2 for signal <$n0067<31:28>>.
    Found 32-bit xor2 for signal <$n0068<31:28>>.
    Found 32-bit xor2 for signal <$n0069<31:28>>.
    Found 32-bit 16-to-1 multiplexer for signal <$n0074<31:28>>.
    Found 32-bit 16-to-1 multiplexer for signal <$n0075<31:28>>.
    Found 32-bit 16-to-1 multiplexer for signal <$n0076<31:28>>.
    Found 32-bit 16-to-1 multiplexer for signal <$n0077<31:28>>.
    Found 32-bit xor7 for signal <$n0079<31:28>>.
    Found 32-bit xor7 for signal <$n0080<31:28>>.
    Found 32-bit xor7 for signal <$n0081<31:28>>.
    Found 32-bit xor7 for signal <$n0082<31:28>>.
    Found 32-bit 16-to-1 multiplexer for signal <$n0085<31:28>>.
    Found 32-bit 16-to-1 multiplexer for signal <$n0086<31:28>>.
    Found 32-bit 16-to-1 multiplexer for signal <$n0087<31:28>>.
    Found 32-bit 16-to-1 multiplexer for signal <$n0088<31:28>>.
    Found 8-bit xor2 for signal <accum102$xor0000> created at line 224.
    Found 1-bit xor2 for signal <accum102$xor0005> created at line 199.
    Found 8-bit xor2 for signal <accum103$xor0000> created at line 224.
    Found 1-bit xor2 for signal <accum103$xor0005> created at line 199.
    Found 8-bit xor2 for signal <accum107$xor0000> created at line 220.
    Found 1-bit xor2 for signal <accum107$xor0005> created at line 199.
    Found 8-bit xor2 for signal <accum110$xor0000> created at line 222.
    Found 1-bit xor2 for signal <accum110$xor0005> created at line 199.
    Found 8-bit xor2 for signal <accum123$xor0000> created at line 224.
    Found 1-bit xor2 for signal <accum123$xor0005> created at line 199.
    Found 8-bit xor2 for signal <accum127$xor0000> created at line 220.
    Found 1-bit xor2 for signal <accum127$xor0005> created at line 199.
    Found 8-bit xor2 for signal <accum131$xor0000> created at line 220.
    Found 1-bit xor2 for signal <accum131$xor0005> created at line 199.
    Found 8-bit xor2 for signal <accum143$xor0000> created at line 224.
    Found 1-bit xor2 for signal <accum143$xor0005> created at line 199.
    Found 8-bit xor2 for signal <accum147$xor0000> created at line 224.
    Found 1-bit xor2 for signal <accum147$xor0005> created at line 199.
    Found 8-bit xor2 for signal <accum148$xor0000> created at line 224.
    Found 1-bit xor2 for signal <accum148$xor0005> created at line 199.
    Found 8-bit xor2 for signal <accum152$xor0000> created at line 220.
    Found 1-bit xor2 for signal <accum152$xor0005> created at line 199.
    Found 8-bit xor2 for signal <accum155$xor0000> created at line 222.
    Found 1-bit xor2 for signal <accum155$xor0005> created at line 199.
    Found 8-bit xor2 for signal <accum167$xor0000> created at line 224.
    Found 1-bit xor2 for signal <accum167$xor0005> created at line 199.
    Found 8-bit xor2 for signal <accum168$xor0000> created at line 224.
    Found 1-bit xor2 for signal <accum168$xor0005> created at line 199.
    Found 8-bit xor2 for signal <accum172$xor0000> created at line 220.
    Found 1-bit xor2 for signal <accum172$xor0005> created at line 199.
    Found 8-bit xor2 for signal <accum175$xor0000> created at line 222.
    Found 1-bit xor2 for signal <accum175$xor0005> created at line 199.
    Found 8-bit xor2 for signal <accum188$xor0000> created at line 224.
    Found 1-bit xor2 for signal <accum188$xor0005> created at line 199.
    Found 8-bit xor2 for signal <accum192$xor0000> created at line 220.
    Found 1-bit xor2 for signal <accum192$xor0005> created at line 199.
    Found 8-bit xor2 for signal <accum196$xor0000> created at line 220.
    Found 1-bit xor2 for signal <accum196$xor0005> created at line 199.
    Found 8-bit xor2 for signal <accum208$xor0000> created at line 224.
    Found 1-bit xor2 for signal <accum208$xor0005> created at line 199.
    Found 8-bit xor2 for signal <accum212$xor0000> created at line 224.
    Found 1-bit xor2 for signal <accum212$xor0005> created at line 199.
    Found 8-bit xor2 for signal <accum213$xor0000> created at line 224.
    Found 1-bit xor2 for signal <accum213$xor0005> created at line 199.
    Found 8-bit xor2 for signal <accum217$xor0000> created at line 220.
    Found 1-bit xor2 for signal <accum217$xor0005> created at line 199.
    Found 8-bit xor2 for signal <accum220$xor0000> created at line 222.
    Found 1-bit xor2 for signal <accum220$xor0005> created at line 199.
    Found 8-bit xor2 for signal <accum232$xor0000> created at line 224.
    Found 1-bit xor2 for signal <accum232$xor0005> created at line 199.
    Found 8-bit xor2 for signal <accum233$xor0000> created at line 224.
    Found 1-bit xor2 for signal <accum233$xor0005> created at line 199.
    Found 8-bit xor2 for signal <accum237$xor0000> created at line 220.
    Found 1-bit xor2 for signal <accum237$xor0005> created at line 199.
    Found 8-bit xor2 for signal <accum240$xor0000> created at line 222.
    Found 1-bit xor2 for signal <accum240$xor0005> created at line 199.
    Found 8-bit xor2 for signal <accum253$xor0000> created at line 224.
    Found 1-bit xor2 for signal <accum253$xor0005> created at line 199.
    Found 8-bit xor2 for signal <accum257$xor0000> created at line 220.
    Found 1-bit xor2 for signal <accum257$xor0005> created at line 199.
    Found 8-bit xor2 for signal <accum261$xor0000> created at line 220.
    Found 1-bit xor2 for signal <accum261$xor0005> created at line 199.
    Found 8-bit xor2 for signal <accum273$xor0000> created at line 224.
    Found 1-bit xor2 for signal <accum273$xor0005> created at line 199.
    Found 8-bit xor2 for signal <accum277$xor0000> created at line 224.
    Found 1-bit xor2 for signal <accum277$xor0005> created at line 199.
    Found 8-bit xor2 for signal <accum278$xor0000> created at line 224.
    Found 1-bit xor2 for signal <accum278$xor0005> created at line 199.
    Found 8-bit xor2 for signal <accum282$xor0000> created at line 220.
    Found 1-bit xor2 for signal <accum282$xor0005> created at line 199.
    Found 8-bit xor2 for signal <accum285$xor0000> created at line 222.
    Found 1-bit xor2 for signal <accum285$xor0005> created at line 199.
    Found 8-bit xor2 for signal <accum297$xor0000> created at line 224.
    Found 1-bit xor2 for signal <accum297$xor0005> created at line 199.
    Found 8-bit xor2 for signal <accum298$xor0000> created at line 224.
    Found 1-bit xor2 for signal <accum298$xor0005> created at line 199.
    Found 8-bit xor2 for signal <accum302$xor0000> created at line 220.
    Found 1-bit xor2 for signal <accum302$xor0005> created at line 199.
    Found 8-bit xor2 for signal <accum305$xor0000> created at line 222.
    Found 1-bit xor2 for signal <accum305$xor0005> created at line 199.
    Found 8-bit xor2 for signal <accum318$xor0000> created at line 224.
    Found 1-bit xor2 for signal <accum318$xor0005> created at line 199.
    Found 8-bit xor2 for signal <accum322$xor0000> created at line 220.
    Found 1-bit xor2 for signal <accum322$xor0005> created at line 199.
    Found 8-bit xor2 for signal <accum326$xor0000> created at line 220.
    Found 1-bit xor2 for signal <accum326$xor0005> created at line 199.
    Found 8-bit xor2 for signal <accum338$xor0000> created at line 224.
    Found 1-bit xor2 for signal <accum338$xor0005> created at line 199.
    Found 8-bit xor2 for signal <accum82$xor0000> created at line 224.
    Found 1-bit xor2 for signal <accum82$xor0005> created at line 199.
    Found 8-bit xor2 for signal <accum83$xor0000> created at line 224.
    Found 1-bit xor2 for signal <accum83$xor0005> created at line 199.
    Found 8-bit xor2 for signal <accum87$xor0000> created at line 220.
    Found 1-bit xor2 for signal <accum87$xor0005> created at line 199.
    Found 8-bit xor2 for signal <accum90$xor0000> created at line 222.
    Found 1-bit xor2 for signal <accum90$xor0005> created at line 199.
    Found 4-bit comparator greater for signal <FSL_M_Data$cmp_gt0000> created at line 310.
    Found 4-bit comparator lessequal for signal <FSL_M_Data$cmp_le0000> created at line 310.
    Found 32-bit register for signal <state<0>>.
    Found 32-bit register for signal <state<1>>.
    Found 32-bit register for signal <state<2>>.
    Found 32-bit register for signal <state<3>>.
    Found 4-bit up counter for signal <step_num>.
    Summary:
	inferred  72 ROM(s).
	inferred   1 Counter(s).
	inferred 160 D-type flip-flop(s).
	inferred   2 Comparator(s).
	inferred 576 Multiplexer(s).
	inferred 128 Xor(s).
Unit <aes> synthesized.


=========================================================================
HDL Synthesis Report

Macro Statistics
# ROMs                                                 : 72
 16x128-bit ROM                                        : 72
# Counters                                             : 1
 4-bit up counter                                      : 1
# Registers                                            : 17
 32-bit register                                       : 1
 8-bit register                                        : 16
# Comparators                                          : 2
 4-bit comparator greater                              : 1
 4-bit comparator lessequal                            : 1
# Multiplexers                                         : 72
 8-bit 16-to-1 multiplexer                             : 72
# Xors                                                 : 261
 1-bit xor2                                            : 48
 8-bit xor2                                            : 197
 8-bit xor7                                            : 16

=========================================================================

=========================================================================
*                       Advanced HDL Synthesis                          *
=========================================================================


Synthesizing (advanced) Unit <aes>.
INFO:Xst:3045 - The ROM description <Mrom_slice0082_rom0000> will be implemented on LUTs because the limited number of device block RAMs. If you want to be implemented as block RAM, please select a larger device.
INFO:Xst:3045 - The ROM description <Mrom_slice0080_rom0000> will be implemented on LUTs because the limited number of device block RAMs. If you want to be implemented as block RAM, please select a larger device.
INFO:Xst:3045 - The ROM description <Mrom_slice0084_rom0000> will be implemented on LUTs because the limited number of device block RAMs. If you want to be implemented as block RAM, please select a larger device.
INFO:Xst:3045 - The ROM description <Mrom_slice0088_rom0000> will be implemented on LUTs because the limited number of device block RAMs. If you want to be implemented as block RAM, please select a larger device.
INFO:Xst:3045 - The ROM description <Mrom_slice0086_rom0000> will be implemented on LUTs because the limited number of device block RAMs. If you want to be implemented as block RAM, please select a larger device.
INFO:Xst:3045 - The ROM description <Mrom_slice0090_rom0000> will be implemented on LUTs because the limited number of device block RAMs. If you want to be implemented as block RAM, please select a larger device.
INFO:Xst:3045 - The ROM description <Mrom_slice0092_rom0000> will be implemented on LUTs because the limited number of device block RAMs. If you want to be implemented as block RAM, please select a larger device.
INFO:Xst:3045 - The ROM description <Mrom_slice0094_rom0000> will be implemented on LUTs because the limited number of device block RAMs. If you want to be implemented as block RAM, please select a larger device.
INFO:Xst:3045 - The ROM description <Mrom_slice0096_rom0000> will be implemented on LUTs because the limited number of device block RAMs. If you want to be implemented as block RAM, please select a larger device.
INFO:Xst:3045 - The ROM description <Mrom_slice0098_rom0000> will be implemented on LUTs because the limited number of device block RAMs. If you want to be implemented as block RAM, please select a larger device.
INFO:Xst:3045 - The ROM description <Mrom_slice0102_rom0000> will be implemented on LUTs because the limited number of device block RAMs. If you want to be implemented as block RAM, please select a larger device.
INFO:Xst:3045 - The ROM description <Mrom_slice0100_rom0000> will be implemented on LUTs because the limited number of device block RAMs. If you want to be implemented as block RAM, please select a larger device.
INFO:Xst:3045 - The ROM description <Mrom_slice0104_rom0000> will be implemented on LUTs because the limited number of device block RAMs. If you want to be implemented as block RAM, please select a larger device.
INFO:Xst:3045 - The ROM description <Mrom_slice0106_rom0000> will be implemented on LUTs because the limited number of device block RAMs. If you want to be implemented as block RAM, please select a larger device.
INFO:Xst:3045 - The ROM description <Mrom_slice0108_rom0000> will be implemented on LUTs because the limited number of device block RAMs. If you want to be implemented as block RAM, please select a larger device.
INFO:Xst:3045 - The ROM description <Mrom_slice0110_rom0000> will be implemented on LUTs because the limited number of device block RAMs. If you want to be implemented as block RAM, please select a larger device.
INFO:Xst:3045 - The ROM description <Mrom_slice0112_rom0000> will be implemented on LUTs because the limited number of device block RAMs. If you want to be implemented as block RAM, please select a larger device.
INFO:Xst:3045 - The ROM description <Mrom_slice0114_rom0000> will be implemented on LUTs because the limited number of device block RAMs. If you want to be implemented as block RAM, please select a larger device.
INFO:Xst:3045 - The ROM description <Mrom_slice0116_rom0000> will be implemented on LUTs because the limited number of device block RAMs. If you want to be implemented as block RAM, please select a larger device.
INFO:Xst:3045 - The ROM description <Mrom_slice0118_rom0000> will be implemented on LUTs because the limited number of device block RAMs. If you want to be implemented as block RAM, please select a larger device.
INFO:Xst:3045 - The ROM description <Mrom_slice0120_rom0000> will be implemented on LUTs because the limited number of device block RAMs. If you want to be implemented as block RAM, please select a larger device.
INFO:Xst:3045 - The ROM description <Mrom_slice0124_rom0000> will be implemented on LUTs because the limited number of device block RAMs. If you want to be implemented as block RAM, please select a larger device.
INFO:Xst:3045 - The ROM description <Mrom_slice0122_rom0000> will be implemented on LUTs because the limited number of device block RAMs. If you want to be implemented as block RAM, please select a larger device.
INFO:Xst:3044 - The ROM <Mrom_slice0126_rom0000> will be implemented as a read-only BLOCK RAM, absorbing the register: <state<2>_3>.
INFO:Xst:3044 - The ROM <Mrom_slice0128_rom0000> will be implemented as a read-only BLOCK RAM, absorbing the register: <state<2>_0>.
INFO:Xst:3044 - The ROM <Mrom_slice0130_rom0000> will be implemented as a read-only BLOCK RAM, absorbing the register: <state<1>_1>.
INFO:Xst:3044 - The ROM <Mrom_slice0132_rom0000> will be implemented as a read-only BLOCK RAM, absorbing the register: <state<0>_2>.
INFO:Xst:3044 - The ROM <Mrom_slice0134_rom0000> will be implemented as a read-only BLOCK RAM, absorbing the register: <state<3>_3>.
INFO:Xst:3044 - The ROM <Mrom_slice0138_rom0000> will be implemented as a read-only BLOCK RAM, absorbing the register: <state<2>_1>.
INFO:Xst:3044 - The ROM <Mrom_slice0136_rom0000> will be implemented as a read-only BLOCK RAM, absorbing the register: <state<3>_0>.
INFO:Xst:3044 - The ROM <Mrom_slice0140_rom0000> will be implemented as a read-only BLOCK RAM, absorbing the register: <state<1>_2>.
INFO:Xst:3044 - The ROM <Mrom_slice0142_rom0000> will be implemented as a read-only BLOCK RAM, absorbing the register: <state<0>_3>.
INFO:Xst:3225 - The RAM <Mrom_slice0126_rom0000> will be implemented as BLOCK RAM
    -----------------------------------------------------------------------
    | ram_type           | Block                               |          |
    -----------------------------------------------------------------------
    | Port A                                                              |
    |     aspect ratio   | 16-word x 128-bit                   |          |
    |     mode           | write-first                         |          |
    |     clkA           | connected to signal <FSL_Clk>       | rise     |
    |     weA            | connected to signal <GND>           | high     |
    |     addrA          | connected to internal node          |          |
    |     diA            | connected to signal <GND>           |          |
    |     doA            | connected to internal node          |          |
    -----------------------------------------------------------------------
    | optimization       | speed                               |          |
    -----------------------------------------------------------------------
INFO:Xst:3225 - The RAM <Mrom_slice0128_rom0000> will be implemented as BLOCK RAM
    -----------------------------------------------------------------------
    | ram_type           | Block                               |          |
    -----------------------------------------------------------------------
    | Port A                                                              |
    |     aspect ratio   | 16-word x 128-bit                   |          |
    |     mode           | write-first                         |          |
    |     clkA           | connected to signal <FSL_Clk>       | rise     |
    |     weA            | connected to signal <GND>           | high     |
    |     addrA          | connected to internal node          |          |
    |     diA            | connected to signal <GND>           |          |
    |     doA            | connected to internal node          |          |
    -----------------------------------------------------------------------
    | optimization       | speed                               |          |
    -----------------------------------------------------------------------
INFO:Xst:3225 - The RAM <Mrom_slice0130_rom0000> will be implemented as BLOCK RAM
    -----------------------------------------------------------------------
    | ram_type           | Block                               |          |
    -----------------------------------------------------------------------
    | Port A                                                              |
    |     aspect ratio   | 16-word x 128-bit                   |          |
    |     mode           | write-first                         |          |
    |     clkA           | connected to signal <FSL_Clk>       | rise     |
    |     weA            | connected to signal <GND>           | high     |
    |     addrA          | connected to internal node          |          |
    |     diA            | connected to signal <GND>           |          |
    |     doA            | connected to internal node          |          |
    -----------------------------------------------------------------------
    | optimization       | speed                               |          |
    -----------------------------------------------------------------------
INFO:Xst:3225 - The RAM <Mrom_slice0132_rom0000> will be implemented as BLOCK RAM
    -----------------------------------------------------------------------
    | ram_type           | Block                               |          |
    -----------------------------------------------------------------------
    | Port A                                                              |
    |     aspect ratio   | 16-word x 128-bit                   |          |
    |     mode           | write-first                         |          |
    |     clkA           | connected to signal <FSL_Clk>       | rise     |
    |     weA            | connected to signal <GND>           | high     |
    |     addrA          | connected to internal node          |          |
    |     diA            | connected to signal <GND>           |          |
    |     doA            | connected to internal node          |          |
    -----------------------------------------------------------------------
    | optimization       | speed                               |          |
    -----------------------------------------------------------------------
INFO:Xst:3225 - The RAM <Mrom_slice0134_rom0000> will be implemented as BLOCK RAM
    -----------------------------------------------------------------------
    | ram_type           | Block                               |          |
    -----------------------------------------------------------------------
    | Port A                                                              |
    |     aspect ratio   | 16-word x 128-bit                   |          |
    |     mode           | write-first                         |          |
    |     clkA           | connected to signal <FSL_Clk>       | rise     |
    |     weA            | connected to signal <GND>           | high     |
    |     addrA          | connected to internal node          |          |
    |     diA            | connected to signal <GND>           |          |
    |     doA            | connected to internal node          |          |
    -----------------------------------------------------------------------
    | optimization       | speed                               |          |
    -----------------------------------------------------------------------
INFO:Xst:3225 - The RAM <Mrom_slice0138_rom0000> will be implemented as BLOCK RAM
    -----------------------------------------------------------------------
    | ram_type           | Block                               |          |
    -----------------------------------------------------------------------
    | Port A                                                              |
    |     aspect ratio   | 16-word x 128-bit                   |          |
    |     mode           | write-first                         |          |
    |     clkA           | connected to signal <FSL_Clk>       | rise     |
    |     weA            | connected to signal <GND>           | high     |
    |     addrA          | connected to internal node          |          |
    |     diA            | connected to signal <GND>           |          |
    |     doA            | connected to internal node          |          |
    -----------------------------------------------------------------------
    | optimization       | speed                               |          |
    -----------------------------------------------------------------------
INFO:Xst:3225 - The RAM <Mrom_slice0136_rom0000> will be implemented as BLOCK RAM
    -----------------------------------------------------------------------
    | ram_type           | Block                               |          |
    -----------------------------------------------------------------------
    | Port A                                                              |
    |     aspect ratio   | 16-word x 128-bit                   |          |
    |     mode           | write-first                         |          |
    |     clkA           | connected to signal <FSL_Clk>       | rise     |
    |     weA            | connected to signal <GND>           | high     |
    |     addrA          | connected to internal node          |          |
    |     diA            | connected to signal <GND>           |          |
    |     doA            | connected to internal node          |          |
    -----------------------------------------------------------------------
    | optimization       | speed                               |          |
    -----------------------------------------------------------------------
INFO:Xst:3225 - The RAM <Mrom_slice0140_rom0000> will be implemented as BLOCK RAM
    -----------------------------------------------------------------------
    | ram_type           | Block                               |          |
    -----------------------------------------------------------------------
    | Port A                                                              |
    |     aspect ratio   | 16-word x 128-bit                   |          |
    |     mode           | write-first                         |          |
    |     clkA           | connected to signal <FSL_Clk>       | rise     |
    |     weA            | connected to signal <GND>           | high     |
    |     addrA          | connected to internal node          |          |
    |     diA            | connected to signal <GND>           |          |
    |     doA            | connected to internal node          |          |
    -----------------------------------------------------------------------
    | optimization       | speed                               |          |
    -----------------------------------------------------------------------
INFO:Xst:3225 - The RAM <Mrom_slice0142_rom0000> will be implemented as BLOCK RAM
    -----------------------------------------------------------------------
    | ram_type           | Block                               |          |
    -----------------------------------------------------------------------
    | Port A                                                              |
    |     aspect ratio   | 16-word x 128-bit                   |          |
    |     mode           | write-first                         |          |
    |     clkA           | connected to signal <FSL_Clk>       | rise     |
    |     weA            | connected to signal <GND>           | high     |
    |     addrA          | connected to internal node          |          |
    |     diA            | connected to signal <GND>           |          |
    |     doA            | connected to internal node          |          |
    -----------------------------------------------------------------------
    | optimization       | speed                               |          |
    -----------------------------------------------------------------------
Unit <aes> synthesized (advanced).

=========================================================================
Advanced HDL Synthesis Report

Macro Statistics
# RAMs                                                 : 9
 16x128-bit single-port block RAM                      : 9
# ROMs                                                 : 63
 16x128-bit ROM                                        : 63
# Counters                                             : 1
 4-bit up counter                                      : 1
# Registers                                            : 160
 Flip-Flops                                            : 160
# Comparators                                          : 2
 4-bit comparator greater                              : 1
 4-bit comparator lessequal                            : 1
# Multiplexers                                         : 72
 8-bit 16-to-1 multiplexer                             : 72
# Xors                                                 : 261
 1-bit xor2                                            : 48
 8-bit xor2                                            : 197
 8-bit xor7                                            : 16

=========================================================================

=========================================================================
*                         Low Level Synthesis                           *
=========================================================================
INFO:Xst:2146 - In block <aes>, ROM <Mrom_slice0000_rom0000> <Mrom_slice0002_rom0000> <Mrom_slice0004_rom0000> <Mrom_slice0006_rom0000> are equivalent, XST will keep only <Mrom_slice0000_rom0000>.
INFO:Xst:2146 - In block <aes>, ROM <Mrom_slice0080_rom0000> <Mrom_slice0112_rom0000> are equivalent, XST will keep only <Mrom_slice0080_rom0000>.
INFO:Xst:2146 - In block <aes>, ROM <Mrom_slice0086_rom0000> <Mrom_slice0118_rom0000> are equivalent, XST will keep only <Mrom_slice0086_rom0000>.
INFO:Xst:2146 - In block <aes>, ROM <Mrom_slice0082_rom0000> <Mrom_slice0114_rom0000> are equivalent, XST will keep only <Mrom_slice0082_rom0000>.
INFO:Xst:2146 - In block <aes>, ROM <Mrom_slice0084_rom0000> <Mrom_slice0116_rom0000> are equivalent, XST will keep only <Mrom_slice0084_rom0000>.
INFO:Xst:2146 - In block <aes>, ROM <Mrom_slice0092_rom0000> <Mrom_slice0124_rom0000> are equivalent, XST will keep only <Mrom_slice0092_rom0000>.
INFO:Xst:2146 - In block <aes>, ROM <Mrom_slice0088_rom0000> <Mrom_slice0120_rom0000> are equivalent, XST will keep only <Mrom_slice0088_rom0000>.
INFO:Xst:2146 - In block <aes>, ROM <Mrom_slice0090_rom0000> <Mrom_slice0122_rom0000> are equivalent, XST will keep only <Mrom_slice0090_rom0000>.
INFO:Xst:2697 - Unit <aes> : the RAMs <Mrom_slice0128_rom0000>, <Mrom_slice0126_rom0000> are packed into the single block RAM <Mrom_slice0128_rom00001>
INFO:Xst:2697 - Unit <aes> : the RAMs <Mrom_slice0130_rom0000>, <Mrom_slice0132_rom0000> are packed into the single block RAM <Mrom_slice0130_rom00001>
INFO:Xst:2697 - Unit <aes> : the RAMs <Mrom_slice0136_rom0000>, <Mrom_slice0134_rom0000> are packed into the single block RAM <Mrom_slice0136_rom00001>
INFO:Xst:2697 - Unit <aes> : the RAMs <Mrom_slice0138_rom0000>, <Mrom_slice0140_rom0000> are packed into the single block RAM <Mrom_slice0138_rom00001>

Optimizing unit <aes> ...

Mapping all equations...
Building and optimizing final netlist ...
Found area constraint ratio of 100 (+ 5) on block aes, actual ratio is 21.
FlipFlop state<0>_2_0 has been replicated 2 time(s)
FlipFlop state<0>_2_1 has been replicated 2 time(s)
FlipFlop state<0>_2_2 has been replicated 2 time(s)
FlipFlop state<0>_2_3 has been replicated 2 time(s)
FlipFlop state<1>_1_3 has been replicated 2 time(s)
FlipFlop state<1>_2_0 has been replicated 1 time(s)
FlipFlop state<1>_2_1 has been replicated 1 time(s)
FlipFlop state<1>_2_2 has been replicated 1 time(s)
FlipFlop state<1>_2_3 has been replicated 1 time(s)
FlipFlop state<2>_0_0 has been replicated 2 time(s)
FlipFlop state<2>_0_1 has been replicated 2 time(s)
FlipFlop state<2>_0_2 has been replicated 2 time(s)
FlipFlop state<2>_1_0 has been replicated 1 time(s)
FlipFlop state<2>_1_1 has been replicated 1 time(s)
FlipFlop state<2>_1_2 has been replicated 1 time(s)
FlipFlop state<2>_1_3 has been replicated 1 time(s)
FlipFlop state<3>_3_0 has been replicated 1 time(s)
FlipFlop state<3>_3_1 has been replicated 1 time(s)
FlipFlop state<3>_3_2 has been replicated 1 time(s)
FlipFlop state<3>_3_3 has been replicated 1 time(s)

Final Macro Processing ...

=========================================================================
Final Register Report

Macro Statistics
# Registers                                            : 192
 Flip-Flops                                            : 192

=========================================================================

=========================================================================
*                           Partition Report                            *
=========================================================================

Partition Implementation Status
-------------------------------

  No Partitions were found in this design.

-------------------------------

=========================================================================
*                            Final Report                               *
=========================================================================
Final Results
RTL Top Level Output File Name     : aes.ngr
Top Level Output File Name         : aes
Output Format                      : NGC
Optimization Goal                  : Speed
Keep Hierarchy                     : No

Design Statistics
# IOs                              : 74

Cell Usage :
# BELS                             : 6749
#      GND                         : 1
#      INV                         : 1
#      LUT2                        : 107
#      LUT2_D                      : 20
#      LUT2_L                      : 22
#      LUT3                        : 2200
#      LUT3_D                      : 18
#      LUT3_L                      : 44
#      LUT4                        : 2457
#      LUT4_D                      : 1
#      LUT4_L                      : 126
#      MUXF5                       : 1026
#      MUXF6                       : 512
#      MUXF7                       : 213
#      VCC                         : 1
# FlipFlops/Latches                : 192
#      FD                          : 64
#      FDE                         : 32
#      FDRE                        : 3
#      FDS                         : 92
#      FDSE                        : 1
# RAMS                             : 20
#      RAMB16_S36                  : 4
#      RAMB16_S36_S36              : 16
# Clock Buffers                    : 1
#      BUFGP                       : 1
# IO Buffers                       : 34
#      OBUF                        : 34
=========================================================================

Device utilization summary:
---------------------------

Selected Device : 3s1600efg320-4 

 Number of Slices:                     2683  out of  14752    18%  
 Number of Slice Flip Flops:            192  out of  29504     0%  
 Number of 4 input LUTs:               4996  out of  29504    16%  
 Number of IOs:                          74
 Number of bonded IOBs:                  35  out of    250    14%  
 Number of BRAMs:                        20  out of     36    55%  
 Number of GCLKs:                         1  out of     24     4%  

---------------------------
Partition Resource Summary:
---------------------------

  No Partitions were found in this design.

---------------------------


=========================================================================
TIMING REPORT

NOTE: THESE TIMING NUMBERS ARE ONLY A SYNTHESIS ESTIMATE.
      FOR ACCURATE TIMING INFORMATION PLEASE REFER TO THE TRACE REPORT
      GENERATED AFTER PLACE-and-ROUTE.

Clock Information:
------------------
-----------------------------------+------------------------+-------+
Clock Signal                       | Clock buffer(FF name)  | Load  |
-----------------------------------+------------------------+-------+
FSL_Clk                            | BUFGP                  | 212   |
-----------------------------------+------------------------+-------+

Asynchronous Control Signals Information:
----------------------------------------
No asynchronous control signals found in this design

Timing Summary:
---------------
Speed Grade: -4

   Minimum period: 11.373ns (Maximum Frequency: 87.931MHz)
   Minimum input arrival time before clock: No path found
   Maximum output required time after clock: 4.283ns
   Maximum combinational path delay: No path found

Timing Detail:
--------------
All values displayed in nanoseconds (ns)

=========================================================================
Timing constraint: Default period analysis for Clock 'FSL_Clk'
  Clock period: 11.373ns (frequency: 87.931MHz)
  Total number of paths / destination ports: 401441 / 468
-------------------------------------------------------------------------
Delay:               11.373ns (Levels of Logic = 9)
  Source:            state<2>_0_3 (FF)
  Destination:       Mrom_slice0138_rom000011 (RAM)
  Source Clock:      FSL_Clk rising
  Destination Clock: FSL_Clk rising

  Data Path: state<2>_0_3 to Mrom_slice0138_rom000011
                                Gate     Net
    Cell:in->out      fanout   Delay   Delay  Logical Name (Net Name)
    ----------------------------------------  ------------
     FD:C->Q             128   0.591   1.468  state<2>_0_3 (state<2>_0_3)
     LUT4:I0->O            1   0.704   0.499  Mrom_slice0096_rom000010911 (Mrom_slice0096_rom0000109)
     LUT3:I1->O            1   0.704   0.000  Mmux__n0076<0>_717 (Mmux__n0076<0>_717)
     MUXF5:I1->O           1   0.321   0.000  Mmux__n0076<0>_6_f5_4 (Mmux__n0076<0>_6_f55)
     MUXF6:I0->O           1   0.521   0.000  Mmux__n0076<0>_4_f6_4 (Mmux__n0076<0>_4_f65)
     MUXF7:I0->O          22   0.521   1.199  Mmux__n0076<0>_2_f7_4 (Mmux__index0019<5>)
     LUT3:I2->O            1   0.704   0.424  state<2>_1_mux0002<3>25_SW0 (N842)
     LUT4_L:I3->LO         1   0.704   0.135  state<2>_1_mux0002<3>25 (state<2>_1_mux0002<3>25)
     LUT4:I2->O            1   0.704   0.424  state<2>_1_mux0002<3>67 (state<2>_1_mux0002<3>67)
     LUT4:I3->O            6   0.704   0.669  state<2>_1_mux0002<3>115 (state<2>_1_mux0002<3>)
     RAMB16_S36_S36:ADDRA0        0.377          Mrom_slice0138_rom000011
    ----------------------------------------
    Total                     11.373ns (6.555ns logic, 4.818ns route)
                                       (57.6% logic, 42.4% route)

=========================================================================
Timing constraint: Default OFFSET OUT AFTER for Clock 'FSL_Clk'
  Total number of paths / destination ports: 32 / 32
-------------------------------------------------------------------------
Offset:              4.283ns (Levels of Logic = 1)
  Source:            FSL_M_Data_0 (FF)
  Destination:       FSL_M_Data<0> (PAD)
  Source Clock:      FSL_Clk rising

  Data Path: FSL_M_Data_0 to FSL_M_Data<0>
                                Gate     Net
    Cell:in->out      fanout   Delay   Delay  Logical Name (Net Name)
    ----------------------------------------  ------------
     FDE:C->Q              1   0.591   0.420  FSL_M_Data_0 (FSL_M_Data_0)
     OBUF:I->O                 3.272          FSL_M_Data_0_OBUF (FSL_M_Data<0>)
    ----------------------------------------
    Total                      4.283ns (3.863ns logic, 0.420ns route)
                                       (90.2% logic, 9.8% route)

=========================================================================


Total REAL time to Xst completion: 195.00 secs
Total CPU time to Xst completion: 194.81 secs
 
--> 

Total memory usage is 396852 kilobytes

Number of errors   :    0 (   0 filtered)
Number of warnings :   29 (   0 filtered)
Number of infos    :   53 (   0 filtered)

